// Jest Snapshot v1, https://goo.gl/fbAQLP

exports[`Dashboard Tests Renders successfully 1`] = `
<div
  className="dashboard"
>
  <Header />
  <Editor />
</div>
`;
