// Jest Snapshot v1, https://goo.gl/fbAQLP

exports[`Header Tests Renders successfully 1`] = `
<div
  className="header"
>
  <h1
    className="header__title"
  >
    📏
    A very basic design editor
  </h1>
</div>
`;
