// Jest Snapshot v1, https://goo.gl/fbAQLP

exports[`Button Tests Renders Button successfully 1`] = `
<button
  className="button testClass"
  onClick={[Function]}
  type="submit"
>
  Example Text
</button>
`;
